<html>
<body>
<pre>
<h1>µVision Build Log</h1>
<h2>Tool Versions:</h2>
IDE-Version: ¦ÌVision V5.16a
Copyright (C) 2015 ARM Ltd and ARM Germany GmbH. All rights reserved.
License Information: hailang Microsoft, Microsoft, LIC=Q7GII-TEW7P-WID5K-ZW2M9-H8EHH-0YF8M
 
Tool Versions:
Toolchain:       MDK-ARM Professional  Version: 5.16a
Toolchain Path:  D:\Keil_v5\ARM\ARMCC\Bin
C Compiler:      Armcc.exe V5.06 (build 20)
Assembler:       Armasm.exe V5.06 (build 20)
Linker/Locator:  ArmLink.exe V5.06 (build 20)
Library Manager: ArmAr.exe V5.06 (build 20)
Hex Converter:   FromElf.exe V5.06 (build 20)
CPU DLL:         SARMCM3.DLL V5.16a
Dialog DLL:      DARMSTM.DLL V1.65.0.0
Target DLL:      UL2CM3.DLL V1.155.12.0
Dialog DLL:      TARMSTM.DLL V1.64.0.0
 
<h2>Project:</h2>
D:\keilproject\Library\STM32F2xx_StdPeriph_Lib_V1.1.0\Project\STM32F2xx_StdPeriph_Template\MDK-ARM\Project.uvproj
Project File Date:  10/20/2016

<h2>Output:</h2>
*** Using Compiler 'V5.06 (build 20)', folder: 'D:\Keil_v5\ARM\ARMCC\Bin'
Build target 'STM322xG_EVAL'
compiling stm322xg_eval_fsmc_sram.c...
compiling stm32f2xx_it.c...
compiling main.c...
compiling stm322xg_eval_lcd.c...
compiling stm322xg_eval_ioe.c...
compiling stm322xg_eval.c...
compiling misc.c...
compiling stm32f2xx_adc.c...
compiling stm32f2xx_can.c...
compiling stm32f2xx_crc.c...
compiling stm32f2xx_cryp_aes.c...
compiling stm32f2xx_cryp.c...
compiling stm32f2xx_cryp_des.c...
compiling stm32f2xx_dac.c...
compiling stm32f2xx_cryp_tdes.c...
compiling stm32f2xx_dbgmcu.c...
compiling stm32f2xx_dcmi.c...
compiling stm32f2xx_dma.c...
compiling stm32f2xx_exti.c...
compiling stm32f2xx_flash.c...
compiling stm32f2xx_fsmc.c...
compiling stm32f2xx_gpio.c...
compiling stm32f2xx_hash.c...
compiling stm32f2xx_hash_md5.c...
compiling stm32f2xx_hash_sha1.c...
compiling stm32f2xx_i2c.c...
compiling stm32f2xx_iwdg.c...
compiling stm32f2xx_pwr.c...
compiling stm32f2xx_rcc.c...
compiling stm32f2xx_rng.c...
compiling stm32f2xx_rtc.c...
compiling stm32f2xx_spi.c...
compiling stm32f2xx_sdio.c...
compiling stm32f2xx_syscfg.c...
compiling stm32f2xx_tim.c...
compiling stm32f2xx_usart.c...
assembling startup_stm32f2xx.s...
compiling stm32f2xx_wwdg.c...
compiling system_stm32f2xx.c...
linking...
Program Size: Code=3228 RO-data=5060 RW-data=80 ZI-data=1024  
".\STM322xG_EVAL\STM322xG_EVAL.axf" - 0 Error(s), 0 Warning(s).
Build Time Elapsed:  00:00:17
</pre>
</body>
</html>
